16:24:59 **** Incremental Build of configuration Debug for project ECU_Farol_Baixo_Project ****
make -j8 all 
arm-none-eabi-gcc -o "ECU_Farol_Baixo_Project.elf" @"objects.list"   -mcpu=cortex-m3 -T"C:\Workspace\Simulink\Fink_Playground\ECU_Farol_Baixo\Software\ECU_Farol_Baixo_Project\STM32F103C8TX_FLASH.ld" --specs=nosys.specs -Wl,-Map="ECU_Farol_Baixo_Project.map" -Wl,--gc-sections -static --specs=nano.specs -mfloat-abi=soft -mthumb -Wl,--start-group -lc -lm -Wl,--end-group
Finished building target: ECU_Farol_Baixo_Project.elf
 
arm-none-eabi-size  ECU_Farol_Baixo_Project.elf 
arm-none-eabi-objdump -h -S ECU_Farol_Baixo_Project.elf  > "ECU_Farol_Baixo_Project.list"
arm-none-eabi-objcopy  -O binary ECU_Farol_Baixo_Project.elf  "ECU_Farol_Baixo_Project.bin"
   text	   data	    bss	    dec	    hex	filename
   4656	     12	   1572	   6240	   1860	ECU_Farol_Baixo_Project.elf
Finished building: default.size.stdout
 
Finished building: ECU_Farol_Baixo_Project.list
 
Finished building: ECU_Farol_Baixo_Project.bin
 

16:25:01 Build Finished. 0 errors, 0 warnings. (took 2s.81ms)

