09:31:29 **** Incremental Build of configuration Debug for project ECU_Farol_Baixo_Project_V02 ****
make -j8 all 
arm-none-eabi-gcc -o "ECU_Farol_Baixo_Project_V02.elf" @"objects.list"   -mcpu=cortex-m3 -T"C:\Workspace\Simulink\Fink_Playground\ECU_Farol_Baixo\Software\ECU_Farol_Baixo_Project_V02\STM32F103C8TX_FLASH.ld" --specs=nosys.specs -Wl,-Map="ECU_Farol_Baixo_Project_V02.map" -Wl,--gc-sections -static --specs=nano.specs -mfloat-abi=soft -mthumb -Wl,--start-group -lc -lm -Wl,--end-group
Finished building target: ECU_Farol_Baixo_Project_V02.elf
 
arm-none-eabi-size  ECU_Farol_Baixo_Project_V02.elf 
arm-none-eabi-objdump -h -S ECU_Farol_Baixo_Project_V02.elf  > "ECU_Farol_Baixo_Project_V02.list"
arm-none-eabi-objcopy  -O ihex ECU_Farol_Baixo_Project_V02.elf  "ECU_Farol_Baixo_Project_V02.hex"
   text	   data	    bss	    dec	    hex	filename
   4732	     12	   1572	   6316	   18ac	ECU_Farol_Baixo_Project_V02.elf
arm-none-eabi-objcopy  -O binary ECU_Farol_Baixo_Project_V02.elf  "ECU_Farol_Baixo_Project_V02.bin"
Finished building: default.size.stdout
 
Finished building: ECU_Farol_Baixo_Project_V02.hex
Finished building: ECU_Farol_Baixo_Project_V02.bin
Finished building: ECU_Farol_Baixo_Project_V02.list
 
 
 
